[2017-07-11 22:31:17] log.WARNING: Curl exception encountered. [] []
[2017-07-11 22:31:17] log.WARNING: Request Failure: {"method":"PUT","uri":"http://localhost:9200/user","headers":{"host":["localhost:9200"],"Content-type":["application/json"],"Accept":["application/json"]},"HTTP code":null,"duration":0.004318,"error":"cURL error 7: Failed to connect to localhost port 9200: Connection refused"} []
[2017-07-11 22:31:17] log.WARNING: Response [null] []
[2017-07-11 22:31:17] log.WARNING: Marking node localhost:9200 dead. [] []
[2017-07-11 22:31:17] log.WARNING: Retries left? true [] []
[2017-07-11 22:31:17] log.CRITICAL: No alive nodes found in cluster [] []
[2017-07-11 22:39:13] log.WARNING: Curl exception encountered. [] []
[2017-07-11 22:39:13] log.WARNING: Request Failure: {"method":"PUT","uri":"http://localhost:9200/user","headers":{"host":["localhost:9200"],"Content-type":["application/json"],"Accept":["application/json"]},"HTTP code":null,"duration":0.004392,"error":"cURL error 7: Failed to connect to localhost port 9200: Connection refused"} []
[2017-07-11 22:39:13] log.WARNING: Response [null] []
[2017-07-11 22:39:13] log.WARNING: Marking node localhost:9200 dead. [] []
[2017-07-11 22:39:13] log.WARNING: Retries left? true [] []
[2017-07-11 22:39:13] log.CRITICAL: No alive nodes found in cluster [] []
[2017-07-11 22:46:45] log.WARNING: Curl exception encountered. [] []
[2017-07-11 22:46:45] log.WARNING: Request Failure: {"method":"PUT","uri":"http://localhost:9200/user","headers":{"host":["localhost:9200"],"Content-type":["application/json"],"Accept":["application/json"]},"HTTP code":null,"duration":0.00441,"error":"cURL error 7: Failed to connect to localhost port 9200: Connection refused"} []
[2017-07-11 22:46:45] log.WARNING: Response [null] []
[2017-07-11 22:46:45] log.WARNING: Marking node localhost:9200 dead. [] []
[2017-07-11 22:46:45] log.WARNING: Retries left? true [] []
[2017-07-11 22:46:45] log.CRITICAL: No alive nodes found in cluster [] []
[2017-07-11 23:06:03] log.WARNING: Curl exception encountered. [] []
[2017-07-11 23:06:03] log.WARNING: Request Failure: {"method":"PUT","uri":"http://localhost:9200/user","headers":{"host":["localhost:9200"],"Content-type":["application/json"],"Accept":["application/json"]},"HTTP code":null,"duration":0.004433,"error":"cURL error 7: Failed to connect to localhost port 9200: Connection refused"} []
[2017-07-11 23:06:03] log.WARNING: Response [null] []
[2017-07-11 23:06:03] log.WARNING: Marking node localhost:9200 dead. [] []
[2017-07-11 23:06:03] log.WARNING: Retries left? true [] []
[2017-07-11 23:06:03] log.CRITICAL: No alive nodes found in cluster [] []
